// Jest Snapshot v1, https://goo.gl/fbAQLP

exports[`LAUNCH PAGE should match the LaunchPage Snapshot UI 1`] = `ShallowWrapper {}`;
