// Jest Snapshot v1, https://goo.gl/fbAQLP

exports[`LAUNCH CARD should match the LaunchCard Snapshot UI 1`] = `ShallowWrapper {}`;
