// Jest Snapshot v1, https://goo.gl/fbAQLP

exports[`NAVIGATION BAR should match the Navigation Bar Snapshot UI 1`] = `ShallowWrapper {}`;
