// Jest Snapshot v1, https://goo.gl/fbAQLP

exports[`FAVORITES should match the Favorites Snapshot UI 1`] = `ShallowWrapper {}`;
